said
mln
vs
dlrs
pct
lt
's
cts
year
billion
U.S.
loss
would
company
he
were
last
had
share
profit
Net
about
Shr
Inc
shares
market
oil
tonnes
stock
Corp
trade
TO
net
Revs
March
It
up
prices
per
April
January
February
after
Bank
quarter
QTR
He
price
rate
government
offer
bank
Japan
against
told
week
could
Co
today
rose
over
expected
IN
production
dollar
agreement
first
three
sales
INC
foreign
NET
no
if
stg
interest
rise
But
dlr
Ltd
increase
group
rates
total
all
Oper
five
current
added
month
official
exchange
tax
because
common
December
meeting
under
earnings
growth
months
exports
countries
six
banks
earlier
made
spokesman
sale
fell
there
board
operations
cash
major
Japanese
EC
4TH
now
export
any
Avg
compared
report
when
agreed
NOTE
shrs
four
while
may
down
years
International
should
CORP
due
sources
American
around
end
industry
business
officials
May
yen
wheat
shareholders
world
companies
dividend
investment
debt
further
includes
Sales
record
New
statement
reported
prior
before
buy
United
imports
since
time
shr
lower
cut
gain
next
money
analysts
Year
through
economic
out
period
SAYS
PCT
West
OF
reserves
ended
deficit
markets
I
higher
currency
figures
stake
did
take
trading
FOR
financial
fall
unit
capital
products
div
merger
LOSS
European
same
during
annual
YEAR
his
Department
Commission
yesterday
domestic
acquisition
surplus
announced
marks
expects
Record
tender
do
policy
gas
Group
sell
demand
MLN
assets
increased
who
outstanding
central
States
sugar
estimated
subsidiary
level
still
output
talks
likely
average
credit
previous
nine
plan
plans
make
recent
system
continue
U.K.
being
SETS
Canada
income
eight
fiscal
crude
economy
well
National
Federal
results
chairman
Pay
part
producers
Reuters
half
early
proposed
sold
including
USDA
costs
They
program
high
Canadian
gold
U.S
ago
forecast
Trade
Brazil
Qtly
Agriculture
most
president
South
corn
value
June
Minister
terms
grain
second
below
bought
Exchange
qtr
operating
issue
much
bpd
purchase
firm
acquire
levels
previously
francs
supply
DLRS
mths
ON
so
seven
country
day
already
days
barrels
result
profits
held
future
international
loan
cost
bid
decline
split
Soviet
management
pay
General
help
might
Union
OPEC
include
payments
very
SEES
industrial
them
traders
Securities
bill
York
until
proposal
However
BANK
fourth
off
China
dealers
nations
full
above
funds
coffee
change
move
another
losses
account
drop
declined
third
Paris
approval
less
action
completed
low
those
private
revised
goods
reduce
Note
noted
public
import
acquired
based
JAN
'S
what
securities
owned
say
sector
largest
September
revenues
intervention
German
strong
British
subject
budget
state
support
amount
does
adjusted
stocks
approved
basis
Germany
possible
OIL
UNIT
French
here
inflation
CTS
crop
close
n't
number
Ministry
Fed
show
CO
House
First
nil
DIVIDEND
target
following
department
There
additional
deal
need
long
Reagan
Gulf
balance
AND
must
effective
Association
pact
making
open
decision
transaction
World
comment
several
point
large
late
excludes
whether
according
TRADE
control
real
within
good
gains
cents
raised
least
members
loans
analyst
issued
If
President
back
Community
extraordinary
buffer
plant
past
used
later
Treasury
London
offered
Petroleum
Plc
many
discontinued
use
consumer
weeks
way
put
executive
farmers
give
currently
product
paid
contract
base
quota
1ST
see
remain
Oil
takeover
available
accord
development
final
own
buying
Industries
certain
conference
payable
quotas
effect
Secretary
FEB
Finance
work
preferred
Taiwan
received
firms
just
line
area
areas
conditions
futures
USAir
reached
Pacific
signed
barrel
present
Baker
farm
index
Friday
tonne
Reserve
main
called
given
letter
asked
special
July
committee
PAYOUT
unchanged
France
negotiations
think
JAPAN
banking
FED
expect
Washington
showed
GROUP
services
saying
England
far
Bundesbank
reduced
raise
One
Texas
chief
AT
measures
Energy
MONEY
come
without
Under
meet
news
provide
selling
charge
respectively
currencies
term
senior
worth
national
LTD
even
units
reporters
MARKET
continued
general
pressure
STAKE
administration
season
position
economists
data
Saudi
bills
payment
ending
purchases
producer
As
November
restructuring
where
investors
Britain
latest
declared
GATT
Australia
changes
hold
holders
delegates
estimate
TWA
holding
name
rising
problems
joint
October
planned
then
3RD
start
commercial
short
tons
cocoa
included
marketing
AG
North
among
Congress
agency
Nine
RAISES
distribution
federal
go
directors
proposals
capacity
taken
On
division
financing
rights
Board
Last
Commerce
probably
impact
energy
too
return
exploration
RATE
spending
agreements
issues
monetary
little
range
near
member
closed
VS
STOCK
At
recently
order
get
And
equipment
figure
FEBRUARY
estimates
scheduled
contracts
details
tomorrow
addition
shareholder
receive
better
FROM
ministers
morning
slightly
quoted
natural
finance
adding
Western
UP
allow
Analysts
ICO
sharp
small
soybean
study
response
situation
led
reduction
become
BUY
provision
equity
Europe
strike
credits
BUYS
NEW
increases
began
date
offering
growing
ct
gave
INDUSTRIES
lending
however
leading
despite
Tokyo
CANADA
feet
needed
shipments
although
few
right
Coffee
steel
Korea
quarterly
2ND
seeking
lead
QUARTERLY
Resources
service
Central
ounces
again
sharply
boost
working
seek
volume
going
consider
option
dollars
Indonesia
An
exporters
yet
Savings
Committee
hit
de
disclosed
states
interests
rules
shipment
soon
want
daily
people
mine
local
review
like
SELL
Some
Economic
consumption
decided
union
sterling
discount
filing
delivery
Financial
increasing
problem
workers
initial
undisclosed
State
turnover
certificates
BILLION
consumers
Company
falling
reflect
food
mark
Cyclops
Current
OFFER
significant
Dutch
Brazilian
key
council
mainly
America
liquidity
deposits
RISE
Trust
Council
force
Africa
Australian
taking
fixed
James
place
Ecuador
caused
acres
cuts
earned
produced
INTERNATIONAL
immediately
bond
operation
continuing
session
producing
totalled
keep
improved
case
form
concern
investor
winter
pretax
agricultural
businesses
AMERICAN
free
required
IT
says
Chairman
prime
FIRST
August
believe
long-term
Six
policies
performance
periods
factors
Industry
owns
refinery
WHEAT
enough
Development
potential
remaining
gross
reserve
Institute
commodity
Foreign
maize
Systems
Holdings
necessary
options
interview
venture
BP
provided
ministry
press
orders
Statistics
heavy
Earlier
reports
Senate
overall
PLC
Yeutter
able
Shearson
Feb
remains
limit
Agreement
ships
rather
weather
repurchase
limited
Dlrs
SPLIT
changed
you
seasonally
political
stability
insurance
beginning
difficult
PRICES
nearly
industries
seen
FALL
discuss
purchased
court
efforts
properties
greater
pound
officer
acquisitions
SHR
similar
diluted
Purolator
prospects
competitive
partnership
points
WEEK
shortage
ahead
extended
improve
forecasts
substantial
controls
normal
almost
Total
minister
dropped
director
charges
guilders
law
manufacturing
revenue
bankers
copper
bags
SALE
BID
shipping
Arabia
call
MAY
related
competition
announcement
Government
Dixons
attempt
holds
B
head
Fund
provisions
rejected
That
dispute
vice
crowns
existing
remained
bring
legislation
Jan
Monday
BY
MERGER
closing
City
Other
supplies
stores
retail
offers
versus
transactions
assistance
MARCH
expansion
risk
produce
GNP
cent
SUGAR
offset
lost
outlook
principle
expenses
paper
ton
took
longer
reach
port
pipeline
ACQUISITION
expand
SEEN
developing
short-term
GenCorp
cotton
TALKS
unlikely
Kong
agriculture
WITH
measure
Lawson
crops
came
project
Credit
affected
Italy
considering
manager
package
drilling
power
Hong
beef
notes
started
minimum
SAID
round
maintain
improvement
cover
grow
posted
East
prepared
settlement
partners
field
ICCO
HAS
largely
begin
land
accepted
involved
SELLS
Capital
regulatory
looking
us
important
plus
source
fully
Taft
holdings
released
Standard
question
aid
GDP
Wednesday
soybeans
activity
DLR
Dealers
OFFICIAL
unless
met
ore
4th
California
percentage
band
unemployment
aimed
Service
Chicago
oils
dividends
considered
night
accounts
pre-tax
fuel
PROFIT
research
Piedmont
COMPLETES
flow
STG
particularly
M-1
add
petroleum
JANUARY
customers
feed
majority
filed
Organization
Monetary
savings
combined
temporary
convertible
needs
Asked
DEC
equivalent
traded
systems
authorities
DEFICIT
palm
information
Express
view
accounting
intent
treasury
're
reason
economist
cause
TONNES
property
warrants
RISES
estate
Terms
Prior
overseas
left
CUT
India
provisional
failed
top
CCC
computer
cubic
discussions
Gas
accept
tariffs
John
former
clear
wanted
specific
try
voting
calendar
bonus
harvest
CORN
Iran
Prime
either
partly
Loan
ounce
reflected
means
Zealand
complete
Management
activities
stood
trend
basic
find
construction
Office
Swiss
Services
predicted
outside
acreage
effort
Chrysler
coming
best
allowed
Royal
HIGHER
monthly
serious
dealer
recovery
Colombia
hard
wants
Administration
benefit
Partners
hope
bonds
mining
Hutton
weekly
Sugar
taxes
war
brought
vote
newspaper
rice
corporate
OECD
Lyng
deposit
No
substantially
valued
preliminary
adjustment
vegetable
While
requirements
cattle
makes
imported
employees
instead
Officials
benefits
Sea
damage
TENDER
CRUDE
NOT
barley
opened
definitive
Richard
spot
GROWTH
Nakasone
Although
various
authorized
direct
subcommittee
NO
believes
PACT
giving
RESERVES
exclude
parent
Grain
Spain
ROSE
release
rest
operate
helped
items
TWO
These
possibility
semiconductor
investments
year-on-year
Air
times
year-ago
completion
Shell
entered
EXPORT
process
formed
subsidies
Southern
believed
trust
request
seamen
technology
moves
Insurance
northern
class
yield
Inc.
others
raising
Tuesday
LOWER
Chemical
stop
CANADIAN
restated
pending
office
region
progress
follows
fields
hectares
commission
having
COFFEE
along
DOLLAR
compares
affect
USSR
itself
African
television
using
face
application
facility
silver
Malaysia
security
NATIONAL
Banking
indicated
subsidiaries
coal
granted
failure
houses
relatively
GRAIN
facilities
especially
survey
cargo
primary
amounts
saw
Commodity
maximum
whole
rubber
Acquisition
Hughes
Caesars
towards
proceeds
Venezuela
Mines
OUTPUT
ruling
requirement
nation
equal
significantly
AB
stable
together
act
done
averaged
opening
excess
To
association
Singapore
C
rand
borrowing
planted
Sumita
buyout
named
SYSTEMS
two-for-one
positive
RESOURCES
David
different
CPC
SEC
hours
parts
laws
building
ordinary
every
followed
yields
OFF
processing
found
projected
immediate
look
prevent
retaliation
GOLD
consideration
grew
intends
external
interested
Nippon
home
subsidy
Life
role
mean
Investment
REGULAR
chance
negative
Thailand
expectations
Santa
Ecus
resulting
gasoline
Bureau
Brothers
recorded
CUTS
trying
block
slow
car
SHARES
meetings
materials
RATES
light
U.K
Paul
Rev
Security
reducing
FINANCIAL
speculation
Dome
Agency
commodities
Corporation
groups
negotiate
health
she
QTLY
afternoon
agree
note
lot
buyers
White
Tariffs
urged
resources
Trading
though
ship
telephone
franc
EEP
lbs
Lehman
strength
Robert
customer
regular
writedown
legal
cutting
encourage
Mexico
quickly
All
successful
PRIME
weak
Gold
Continental
leaders
Kuwait
Miyazawa
Moscow
quality
access
Cable
sees
avoid
independent
Court
resulted
debentures
series
house
Turnover
concerned
FIRM
Its
step
grade
MITI
ceiling
representatives
worldwide
REPORT
WORLD
require
totaled
know
Export
Turkey
life
GENERAL
plants
Thursday
lowered
PRICE
originally
rises
intended
San
Another
EMS
Banks
liabilities
SALES
strategy
EARNINGS
summer
Market
maker
Morgan
GERMAN
jobs
BAKER
AMC
registered
exceed
statistics
forward
single
controlled
projects
Baldrige
signs
calls
employment
FALLS
vessels
crisis
factor
ONE
negotiating
CSR
IV
FRENCH
DIV
values
fact
larger
suspended
remarks
Wheat
OPER
expenditure
sanctions
generally
expressed
alternative
away
weekend
claims
Sosnoff
Production
Full
associated
Chinese
Exxon
positions
asset
SET
designed
known
approximately
biggest
starting
accounted
big
smaller
suit
fund
Communications
Mining
Belgian
poor
run
bushels
Iranian
drought
cumulative
With
warned
TAX
lines
steady
huge
targets
Share
raw
push
chips
comments
inventory
BRAZIL
visit
sheet
floor
exported
MORE
southern
GAS
willing
confirmed
Arab
relations
relief
airline
Johnson
ENERGY
After
continues
bilateral
abroad
paying
determined
programs
reporting
Soybean
newly
unfair
restrictions
transfer
reflecting
Most
Greece
purposes
IMF
confident
rains
TREASURY
corporation
Boston
Santos
stage
SHARE
telecommunications
institutions
stockholders
ownership
Home
Electric
SUPPLY
behind
ways
ease
reform
overnight
condition
planting
delayed
Two
brokerage
Smith
Cocoa
Currency
speech
effects
actions
ratio
profitable
CHINA
excluding
forced
depressed
moving
PLANS
entire
participation
News
tin
fee
bids
ability
tendered
storage
Clayton
Dec
Qtr
Lynch
cargoes
bad
meat
borrowings
protectionist
Steel
pesos
sent
developments
authority
particular
whose
Class
Volcker
went
spokeswoman
STORES
bulk
stabilise
growers
decide
shortfall
Payable
sectors
margins
Commercial
operates
anticipated
practices
semiconductors
Food
staff
Exports
represents
active
GETS
Tax
guarantees
ports
Products
discussed
River
Merrill
hopes
sought
Traders
Budget
depreciation
Industrial
grains
underlying
Michael
toward
three-for-two
principal
Both
electronic
global
soft
TAIWAN
intervene
launched
build
course
Allegheny
CUSTOMER
ranging
Organisation
once
western
Borg-Warner
surpluses
Fe
Airlines
Viacom
test
Futures
determine
steps
suggested
pressures
Mark
lowest
create
SURPLUS
priced
Motors
operators
wage
mortgage
Illinois
contributed
introduced
governments
INRA
missiles
Soviets
EXPORTS
Operating
running
FURTHER
won
parties
thought
formal
quarters
material
spring
1st
achieve
PACIFIC
water
appears
intervened
debate
state-owned
denied
oper
Fairchild
dry
ends
opposed
offices
declining
Stock
premium
Wall
nominal
cooperation
PURCHASE
wholly
developed
Netherlands
sides
resolve
Associates
family
statements
Malaysian
metals
trader
company's
committed
stimulate
Gencorp
hands
UPS
invest
economies
placed
commitment
approve
PLAN
Street
cooperate
him
limits
develop
movements
System
size
Corp.
follow
strongly
contribution
affiliate
AFTER
separate
white
optimistic
risen
Rubber
auction
N.Z
enter
Natural
EXCHANGE
original
EXPECTS
Imports
talk
SAY
Coast
BUSINESS
stand
imposed
actual
Middle
offshore
bringing
narrow
SOUTH
circulation
opposition
portion
scheme
expire
lb
wholesale
appeared
south
identified
Research
CREDIT
setting
Harper
Consolidated
Herrington
Iraq
USAIR
ChemLawn
post
ACQUIRES
HELP
carry
leave
highest
commitments
Producers
WILL
hoped
ruled
stabilize
inventories
impose
break
extend
adopted
personal
chemicals
aircraft
chemical
structure
Bass
success
zinc
shipped
Brown
competitiveness
Bankers
Representative
Peru
coins
transport
employers
Program
published
really
BE
components
year-end
approach
technical
connection
compromise
doing
creditors
stated
difficulties
hurt
ACQUIRE
closely
am
BANKS
threatened
De
direction
cited
highly
alternatives
Amstutz
sentiment
Dart
circumstances
partner
fair
've
appropriate
carried
upward
TRUST
voted
certificate
GMT
refused
provides
Ohio
attributed
reductions
regional
shift
Petrobras
Public
takes
Business
allowing
broad
Philippines
machinery
Indian
nothing
Div
Since
profitability
William
Dollar
providing
decrease
cold
enable
protect
reflects
sign
deliveries
duty
Swedish
Cyacq
STOCKS
wells
Emery
throughout
She
fats
Despite
SAVINGS
COMPANY
possibly
extremely
buyer
Yesterday
Division
things
downward
Sweden
advanced
representing
subordinated
debts
modest
fallen
makers
moment
passed
Medical
licences
traditional
side
M-3
chip
stronger
GENCORP
Indonesian
Rep.
grades
intention
COCOA
barriers
shortly
example
eased
supported
merge
satisfactory
L
GIVEN
confidence
ranges
Bancorp
turn
Agricultural
totalling
minority
Economists
hearing
party
moderate
weakness
combination
FOREIGN
engineering
INDUSTRIAL
awarded
Among
live
brokers
matter
Transportation
emergency
proceed
initiative
pricing
opportunity
Imperial
renewed
County
via
IBC
rumors
API
aide
Spanish
pension
diplomats
PRODUCTS
adjustments
END
Asia
double
Chancellor
ask
QUARTER
disposal
intend
bidding
brings
Icahn
getting
TRADERS
obligations
differentials
Policy
declines
portfolio
Co.
AUSTRALIAN
exercise
Earnings
earn
YEN
merged
Egypt
SA
approvals
reference
established
UK
bankruptcy
recession
INTERVENTION
alone
labour
planning
directly
Citicorp
workforce
miners
Argentina
miles
primarily
Director
curb
leader
Ferruzzi
Italian
dumping
duties
banker
recommended
status
Exploration
expanded
exchanges
protest
reasonable
aluminium
recover
five-year
anything
Turkish
military
coast
therefore
Transport
M-2
manufacturers
CURRENCY
extent
representative
OFFERS
ringgit
GAF
zone
Switzerland
Houston
reorganization
unions
USX
acquiring
indicate
Interest
HOUSE
decisions
MINISTER
consolidated
books
elaborate
regulations
Latin
Great
POLICY
By
Eastern
BHP
protection
ready
disease
seasonal
zero
Money
Prices
freight
Pakistan
UNION
CYCLOPS
lease
ten
opinion
except
About
fresh
severe
AFG
refining
DOWN
stressed
TODAY
bushel
Opec
old
Computer
electronics
IMPORTS
Today
covering
institute
THE
PRODUCTION
DEBT
retained
incentives
lack
encouraging
concerns
deals
organization
Kansas
metal
specialty
Progressive
Enterprises
mines
described
store
Lloyds
Results
increasingly
Sun
pounds
Reynolds
Also
threat
resume
establish
feel
grounds
operated
Three
BILL
Domestic
Harris
Supermarkets
Waste
nearby
managers
opportunities
across
RESULTS
CURRENT
IS
PETROLEUM
movement
represented
advances
Power
annually
NV
fast
upon
REPORTS
achieved
FORECAST
list
internal
obtain
advantage
REVISED
body
vessel
ENDS
focus
EXPECTED
gained
retain
returned
Cooperation
boosted
SEEKS
fire
sulphur
objective
Five
TAKEOVER
terminal
Comdata
starts
kilos
ensure
Parliament
Mobil
idea
wait
delay
shows
attractive
HOLDINGS
Dauster
FRANCE
community
calculated
expense
RAISE
Republic
goal
retaliate
showing
businessmen
Technology
More
housing
Metal
apply
REJECTS
Philippine
PROFITS
affecting
drain
sure
fluctuations
goes
Louisiana
INTEREST
Florida
aim
Fujitsu
Bond
LME
gap
OVER
propose
east
fundamentals
M3
Sterling
seriously
sorghum
beet
Renault
Argentine
Uruguay
involving
submitted
charged
jointly
Stores
FEDERAL
comes
Thai
falls
guarantee
eventually
Sachs
flat
noting
CASH
refined
recommendation
expires
deficits
balances
meant
medium
Justice
so-called
requires
Lake
Newmont
SOLD
moved
widely
lift
Parent
Wagner
requested
cane
spread
book
million
BOARD
Los
begun
Atlantic
courier
feedgrains
K
Saudis
PDVSA
never
industrialised
extension
Manufacturing
comprising
deferred
advance
reverse
hostile
strategic
always
informal
demands
George
executives
peak
indicator
protectionism
expensive
Martin
exporter
preference
appreciation
H.K
introduction
room
normally
faced
DUTCH
faster
dealing
row
defense
clearly
covered
Qtrly
Bell
station
pushed
studying
replace
great
Salomon
rule
tough
Angeles
Belgium
E.F.
deficiency
Row
DECLARES
plantings
favor
seems
Wireless
iron
speculated
stay
secretary
tenders
GAIN
complex
VOTES
amendment
Consumer
BUYOUT
core
guilder
beyond
manufacturer
CAPITAL
alleged
SOVIET
ECONOMIC
fear
expanding
uncertainty
utility
imbalance
warrant
narrowed
JAPANESE
spent
hand
Gross
repeated
thus
During
foster
halt
three-month
reaction
shown
registrations
branch
TMOC
earthquake
improving
Final
Act
cases
initially
listed
Chase
pointed
Texaco
governor
evidence
let
Northern
Federation
chain
amounted
revision
Honeywell
Peter
Ontario
join
DATA
UNCHANGED
tea
depend
cars
why
UNITED
Far
pace
defend
Rainbow
carryforward
merchandise
tonight
tonnage
Algeria
strikes
located
looks
solution
waiting
Asian
keeping
rapid
Over
Woolworth
arrangements
behalf
damaged
According
adequate
got
trends
DOT
leaving
Pretax
rebate
Jersey
Pesch
Bolivia
spend
INVESTMENT
outright
signal
something
broadly
Marine
MAKE
agencies
terminated
satisfied
draft
felt
LOANS
destinations
strengthen
CENTRAL
stopped
imbalances
promote
Growers
cable
province
bit
DEALERS
air
Speaking
applications
created
individual
owners
Michigan
Our
joined
comprised
collapse
year-earlier
refineries
Rio
Daily
traffic
Zambia
concluded
Redstone
Bally
delivered
Charles
AGAINST
disclose
produces
ever
distributed
CROP
RECORD
labor
maintained
mostly
journalists
talking
presented
pork
favour
resolution
clients
Corn
Portugal
mill
reasons
environment
Third
recommend
textiles
tight
kind
Dividend
Jardine
certainly
Telecommunications
linked
maturing
deputy
suspension
programme
Greek
forces
Manhattan
concentrate
Iowa
scale
becoming
AIR
temperatures
delegate
FUND
speaking
s
GULF
auto
speculative
eastern
GM
consistent
owner
contribute
leveraged
participants
receipt
tankers
debit
Fleet
occur
THREE
Period
partially
bales
after-tax
mineral
previously-announced
G-6
Lines
origin
Farm
remainder
wholly-owned
meal
causing
remove
favourable
backed
fairly
excessive
rapidly
unadjusted
Minerals
refiners
MAKES
Alcan
exporting
seem
built
applied
Saturday
MEDICAL
Aegean
consortium
island
yr
gives
kept
AGREES
permit
operator
attend
Siemens
weight
restricted
carryforwards
resolved
competing
actively
kilo
Unit
BASE
TAFT
funding
conditioned
Pioneer
rally
Norway
Lambert
complaint
SGL
Nazer
rival
ground
withdraw
draw
Valley
repayment
swap
proved
converted
MAJOR
worst
FARM
oilseeds
my
Data
DISCOUNT
DEAL
Shultz
Kenya
Crude
officially
Korean
Delhi
Commenting
BONUS
livestock
When
NA
Times
Aluminium
Many
Conable
SWISS
Price
concerning
depth
'll
INFLATION
STRIKE
notice
THIS
slide
AGREEMENT
investigation
interbank
REPURCHASE
network
Broadcasting
exposure
fears
levy
INCREASES
Columbia
Extraordinary
US
CBT
campaign
Drexel
Williams
election
EIA
FOB
unable
Exchequer
Such
L.P.
identify
Bay
Midland
realized
became
solve
UAL
discussion
considerable
flows
proven
depending
WHITE
arrangement
treatment
easing
method
heavily
parliament
containing
ACCOUNT
ranged
dairy
Telecom
lose
influence
slight
living
perhaps
cabinet
standard
CONTROL
purchasing
uncertain
rain
decree
quite
file
Nigeria
ITS
broke
respond
prospect
Chirac
Deutsche
Kiichi
reiterated
Even
devaluation
weaker
aggregate
subsidized
disaster
Republican
COPPER
eligible
CHANGES
represent
withdrawal
Trump
retirement
Affairs
Wendy
Glickman
Miguel
Hongkong
VOLCKER
KLM
COMPUTER
privately-held
Nigel
Holding
corporations
themselves
registration
float
suggest
Loans
MEETING
west
apparently
resist
changing
reforms
simply
lire
managing
save
RULES
Ministers
nuclear
tariff
cheap
apparent
appear
Assets
smelter
microchips
INDIA
respect
swaps
Sri
bullish
compete
arrange
radio
km
Investments
cheaper
sluggish
margin
losing
firmed
BIL
S.
waters
Delegates
termination
ST
TAKE
harvested
ASA
CGCT
Authority
Dynamics
loading
announce
views
'm
institutional
Coastal
Marketing
comparable
extra
criteria
conversion
Allied
sufficient
Means
battle
APPROVES
attempts
indicators
Labour
breakdown
surprise
Mercantile
surge
city
MTS
Health
mm
EXPORTERS
U
doubt
twice
serve
attention
widespread
PARIS
Plaza
actually
P
His
differences
HAVE
advised
two-thirds
S.A.
item
finding
grown
massive
standards
allowance
controlling
Daniel
Yasuhiro
rupees
finished
downturn
wo
STEEL
proportion
interim
NORTH
disputes
attack
midnight
aware
Peabody
Enhancement
facing
SIX
Deputy
Toronto
ATT
ASSETS
optimism
answer
AS
HE
asking
minus
usually
managed
virtually
EST
reopen
Dow
outcome
matters
Ways
litigation
Long
inflow
MERGE
slowed
textile
ventures
ITC
Calif.
card
NOTE:1986
Shamrock
heating
Burnham
enhancement
Resorts
mixed
drug
Semiconductor
Schlumberger
Baird
Norstar
UNITS
Shipping
relative
URGES
BANCORP
prompt
restructure
job
MTHS
boosting
Hernandez
FELL
grading
Meanwhile
CONSUMER
buys
flexible
Planning
flexibility
Hill
Strait
mills
GE
Citibank
stations
suffered
lifted
ban
BIDS
ordered
risks
tried
flour
responsible
drill
Bill
corp
branches
contained
incurred
Mississippi
compensate
indirect
freeze
transportation
load
acceptable
deadline
Bahrain
instruments
thing
Lower
GY
calling
So
MINE
ACCORD
repay
Several
delegation
Denmark
Because
half-point
play
Cooper
ha
nor
rebates
expecting
Reed
lawmakers
momentum
hrs
lenders
WEST
Copper
section
vital
Cathay
slipped
shut
boards
INT
runs
Dutch/Shell
cautious
guaranteed
formerly
Bra
Kanon
formally
determination
Jordan
AVERAGE
polled
replied
Malcolm
excluded
often
Pty
expired
Ford
DECEMBER
importers
announcing
difference
ASSISTANCE
chances
tell
retaliatory
inadequate
aggressive
SHARPLY
measured
communications
headquarters
Mine
Information
Oklahoma
extensive
INCREASE
TECHNOLOGY
Network
FUTURES
north
stance
settle
panel
GCC
Qatar
Kuwaiti
Wilson
industrialized
beans
Only
Mannesmann
methods
BankAmerica
effectively
decides
Sunday
willingness
occurred
MANAGEMENT
Mills
lend
Light
Aviation
creditor
marked
Pre-tax
YEUTTER
Jacobs
GASOLINE
predict
Poehl
mt
ABOUT
Stoltenberg
SAUDI
conservation
Iraqi
ferry
publicly
powers
Howard
incentive
INITIAL
reaching
jumped
climbed
computers
liability
cereals
burden
warning
UNEMPLOYMENT
headed
Goldman
entitled
attributable
sum
Basin
LOAN
appeal
Tire
guidelines
surprised
pass
indication
violations
drive
Any
Executive
suspend
carrier
MAIZE
segment
priority
projections
employs
deregulation
advisory
receiving
Generale
explore
CYL
Hanson
expenditures
INVESTOR
Clark
written
SERVICE
Hungary
indications
belief
What
slowing
degrees
failing
RUBBER
questions
qualified
returns
adverse
faces
happen
Markets
Poland
MINING
rainfall
restore
Capel
welcomed
easier
stabilisation
conducted
delays
TEXAS
SOUTHERN
center
consuming
floating
EXPRESS
SEEKING
generate
takeovers
IMPORT
convinced
encouraged
broker
timing
Appropriations
Huckaby
Mortgage
Rotterdam
A/S
Diamond
LP
Interstate
Allis-Chalmers
Conrac
fees
restaurants
adopt
underground
Control
Southwest
frozen
lumber
Sen.
Xuto
improvements
supplier
BRITISH
Governor
formation
Costa
STANDARD
XON
N.Y.
two-week
assumption
volumes
Foods
Lee
MINES
unspecified
SEE
Congressional
TAKES
LIKELY
bottom
window
address
slower
aluminum
coupled
consecutive
recommendations
minerals
Four
ISSUE
stands
widened
QUOTA
Lanka
Firms
Cargill
rapeseed
detailed
BUYING
variety
seemed
poultry
disputed
presence
partial
sense
otherwise
regarding
averaging
ALLEGHENY
Jacques
implement
moisture
practice
ACTION
putting
one-time
Port
Guaranty
black
Emirates
conflict
Cash
liquid
packaging
FIVE
You
C.
Economics
RETAIL
agenda
W
Shares
Nova
invited
ATPC
attacks
upper
exact
El
Phillips
Thomas
scope
healthy
social
Delta
redundancies
Manufacturers
usage
Cuba
autumn
purpose
Guinness
SMC
recapitalization
Arabian
WTI
Allied-Lyons
VIA
meters
soared
elected
Investors
liquids
explained
informed
numbers
understanding
acting
experience
F
INSURANCE
appointed
privately
Portland
manufactures
trillion
curbs
Peking
CHARGE
Deposits
permanent
pushing
pledged
schedule
balanced
REUTER
worked
diversified
Star
AFRICAN
wide
Democratic
Party
Club
care
drawing
prove
St.
distributor
Free
ASCS
slump
pursue
advisers
suffer
grant
Excludes
trees
plastics
reviewing
degree
dependence
firmer
divided
triggered
closure
acre
Democrat
controversial
merchant
elsewhere
Barney
friendly
payout
Shanghai
manufactured
decreased
table
regulators
wages
discovered
Workers
Seven
MHI
WESTERN
Buenos
Aires
sunflower
congressional
Dan
importance
content
GAO
resigned
Stanley
petition
Champion
consent
EPAC
CHEMLAWN
PRT
Island
Telephone
experts
CORRECTED
completely
Cie
Commonwealth
PAPER
King
Simon
intentions
exceeded
Electronics
succeed
transferred
respective
Ivory
Ghana
premiums
Virginia
compensation
Chapter
Courier
one-third
damages
MONTHS
Indiana
feasibility
BETTER
Tenneco
referring
Defense
heard
Warburg
roughly
Northwest
phase
depends
container
Watanabe
FORECASTS
conservative
structural
authorised
ENTERPRISES
PORT
BOOSTS
participate
writedowns
Bull
ECUADOR
obtained
drilled
me
defence
Weather
STILL
prompted
contain
Bonn
acknowledged
necessarily
recovered
steep
repayments
steadily
exceeding
BRAZILIAN
comparison
allocated
Quebec
clearing
INVESTORS
CLOSE
Per
Dallas
La
PROPOSAL
COULD
link
supplied
responded
comprehensive
LBO
mutual
Roberts
expiration
DISTILLATE
carrying
FIRMS
employed
STATE
contact
High
Donald
DETAILS
slaughter
Georgia
barge
Pork
provinces
Weinberger
Income
Mart
Janeiro
CHRYSLER
approached
Gelco
booked
midday
somewhat
REFINERY
Balladur
Heller
bureau
ICI
Carl
benchmark
Intermediate
handle
undervalued
ELECTRONICS
PROPERTIES
consultations
non-member
reject
adversely
eliminate
turned
unanimously
officers
probable
Embassy
gone
non-performing
lowering
desire
fundamental
decade
tighten
APRIL
rigs
AUSTRALIA
stakes
provisionally
urging
INTO
Video
northeast
maintaining
HALF
parliamentary
Maekawa
gradual
aggressively
homes
whites
motor
warships
react
prevailing
visible
indirectly
SUN
red
VENTURE
type
exchanged
middle
physical
settled
Satoshi
Their
non-oil
deterioration
beneficial
INDUSTRY
M0
affiliated
maintenance
hotel
withdrawn
spur
handling
secondary
Rica
challenge
Jim
Bear
electric
Sealy
enhance
centers
Edward
excellent
Technologies
Rexnord
costly
sound
IC
Ltd.
Equity
vehicles
POWER
Previously
agent
Norwegian
brackets
Golden
marginal
unavailable
team
Cross
proceedings
CYACQ
IEA
Ward
Tool
CHAIRMAN
HOME
Pillsbury
favorable
LATEST
Occidental
heart
Dean
membership
Engineering
emerge
introduce
delegations
fight
YORK
NIL
FREE
critical
Following
license
oxide
yearly
gradually
impossible
adjust
climate
servicing
commented
Zimbabwe
sustained
Sumitomo
par
Output
aside
write
allows
cooperative
participating
arranged
Elders
AGENCY
entirely
Each
SPAIN
EXTENDS
extending
Ivorian
event
illegal
keen
COMMUNICATIONS
principles
ACCEPTS
FOODS
ongoing
county
Missouri
forecasting
REPURCHASES
pick
II
Pickens
Cos
snow
BORG-WARNER
Henley
restraint
crucial
Reuter
end-February
struck
organisation
WANTS
send
thousands
considers
UAE
three-year
brief
BARLEY
looked
F.
COMMENT
valid
SOYBEANS
mechanism
Growth
Eight
Miller
backlog
Limited
Revenues
Retail
damaging
restrict
Refining
crudes
CITY
REALTY
Silver
TECHNOLOGIES
LAWSON
Delaware
halted
A.
Clercq
Esso
EARLY
SERVICES
Mths
mergers
Conference
else
basically
Private
individuals
turning
hog
doubled
lawsuit
Boliden
Bangladesh
Mthly
consensus
dlrs/bbl
traditionally
AWB
drastic
Lukman
kwacha
Economy
Keating
Holden-Brown
harvesting
obtaining
reluctant
reply
two-year
objections
ENDED
PAY
distribute
Entertainment
carefully
careful
exception
bearish
implemented
Inflation
relationship
software
MCA
wet
milling
sells
COMMERCIAL
acceptances
BORROWINGS
advisor
Cotton
Unilever
launch
COURT
Jose
ran
Countries
Joint
GREAT
pressing
emphasis
pattern
ECONOMY
petrol
countertrade
state-run
helping
restrictive
rumours
badly
elections
Mitsubishi
Motor
newspapers
exchequer
Overseas
creating
aims
Chamber
und
borrowers
trip
BUNDESBANK
contrast
emerged
Societe
closer
dealings
centre
DIXONS
Average
equally
non-recurring
revaluation
USA
broadcasting
Fla.
PERU
Louis
engaged
inflationary
arm
Meat
volatility
residents
comply
civil
ROW
Defence
postponed
foreigners
basket
TOKYO
From
Official
Now
tire
affairs
People
end-January
Philadelphia
STERLING
proposing
Commerzbank
OPERATIONS
killed
automotive
formula
adoption
Heavy
true
pence
JOHNSON
ROYAL
backing
Line
Mitsui
unsolicited
separately
counter
Finland
assess
hundreds
stick
Television
Van
PUROLATOR
testimony
PIK
sown
Maryland
two-day
airlines
Henderson
multilateral
N.J.
coverage
Sprinkel
safety
G-5
ultimately
entity
consolidation
LIFE
CAESARS
ARGENTINE
onto
LOWERS
coarse
drawn
Noranda
privatisation
promising
rental
Cenergy
pumping
tanker
gallon
Trans
Hoechst
coin
riyals
Norcros
Princeville
Swire
IWC
processors
fit
exercisable
generated
exchangeable
Thatcher
preparing
Minnesota
strengthened
strengthening
Companies
DEPARTMENT
contingent
Amoco
secured
temporarily
Lucky
SpA
ANALYSTS
claim
defined
Myers
conditional
specify
Alberta
reliance
Walter
permits
Mutual
maturities
writeoff
friction
match
Post
suppliers
subsequent
offsetting
blamed
divisions
expectation
trigger
quick
politically
winds
proceeding
fleet
continental
AMI
Kidder
E.
SEEK
ca
Is
NEC
aerospace
STARTS
sessions
EFFECTIVE
discovery
Year-ago
negotiation
BOND
Latest
picture
predictions
oilseed
becomes
attracted
exercised
STUDY
Vice
leaves
turnaround
Nations
users
lifting
Banque
troubled
your
corresponding
regions
Americans
argued
take-up
coconut
sixth
Commissioner
accident
disappointed
speed
Those
wood
HEAVY
Nevada
Oppenheimer
PLANT
OILS
Stearns
hoping
Alaska
Atlanta
Enterprise
INc
PSBR
INCOME
bidders
Audio/Video
Banco
PARTNERS
Rha
NIPPON
concessions
PALM
easily
Hotel
discussing
Utah
depletion
Venture
edible
CHANGE
dependent
Prudential
promised
SUPERMARKETS
broader
disclosure
Telegraph
Moore
assume
DEMAND
severely
TELECOM
Harcourt
upturn
ICC
PROPOSES
Time
tests
missile
dropping
Tehran
truck
PIE
Qintex
kingdom
Beef
marines
Mulroney
Gates
BAT
temporao
restored
N.V.
forms
TRADING
switch
serves
begins
Bancshares
DROP
fail
pre-split
history
goals
HIKES
whom
totally
financed
rallied
Colombian
Roderick
BUFFER
Denis
des
CPB
blocked
productivity
danger
fifth
pretty
WARNS
Chile
involve
video
LATE
tobacco
difficulty
cartel
Scott
jump
Land
Strategic
oppose
competitor
Herald
passenger
processed
boycott
Customs
fuels
fish
Based
acceptance
intermediate
CHEMICAL
mind
issuing
Alan
gulf
rebound
AFRICA
worse
wish
lows
tied
wider
conclusion
Baltic
Freight
category
vulnerable
Colorado
proxy
Talks
suggests
non-bank
nature
linking
AMERICA
forcing
fine
accused
BALDRIGE
worried
Europeans
negotiated
unusual
petrochemical
ENGLAND
hole
person
contracted
awaiting
institution
Mulford
withdrew
HARPER
highs
Social
Geneva
zones
arbitrage
broadcast
administrative
maturity
ITT
Pennsylvania
successfully
affiliates
TOMORROW
adviser
Upham
SHELL
assuming
AM
accumulated
COS
signup
lay
RISING
CFTC
Dakota
Midwest
Hanover
amended
uranium
SOYBEAN
discounted
Conservation
entities
voluntary
Jones
default
debtor
outflow
advertisement
Hotels
MATURITY
Kingdom
Brian
Edelman
sets
POSTINGS
confirmation
permission
CONTINUE
engine
receipts
LICENCES
Norfolk
latter
platinum
Hormuz
residual
slowdown
dead
Sheikh
Alvite
oilfield
WASTE
auctions
Encor
Petro-Canada
FRANKLIN
McIvor
plunged
Evans
yearend
continuous
Currently
Edouard
reviewed
permitted
Fidelity
DOES
Properties
CABLE
Leigh-Pemberton
Base
COMMERCE
IBM
Backlog
T
SYSTEM
satisfy
relating
insufficient
procedure
manufacture
Dominican
appealed
ANNUAL
telling
CALLS
persuade
utilities
University
CTC
Chartered
FOMC
absence
Metals
commerce
Yugoslavia
nickel
Farmers
Cents
NINE
Matheson
happy
placement
invested
secure
importing
Maize
Recent
widening
SUBSIDIARY
pesetas
Congressmen
involves
upwards
unusually
suffering
locations
jobless
Metropolitan
Senior
BAY
electrical
conduct
waste
COLOMBIA
ADDS
Lewis
Affiliates
TALKING
supports
targeted
hour
sea
attract
replaced
Corning
preserve
briefing
welcome
SOON
examine
usual
supporting
jungle
quoting
documents
BASF
Queensland
doubtful
Philip
POSSIBLE
10-year
microchip
Supply
crushers
Hillards
MIYAZAWA
sight
explosion
concentrated
Local
redeem
exploratory
Revenue
Heritage
HUGHES
outlined
constant
accrued
Champlin
Venezuelan
Dudley
Lindner
dismissed
served
ELECTRIC
likelihood
Analyst
DOME
CALL
argue
correct
LONDON
Tin
citing
links
RBD
Japan's
ESTIMATES
accelerate
generic
depended
PER
Laboratories
Undersecretary
freedom
unsuccessful
severance
competitors
Fitzwater
communique
STREET
Sims
Southeast
Sloane
PCC
GOVERNMENT
allocation
Product
Press
Sudan
T.
Pratt
crushing
TVX
tallow
Rostenkowski
Revlon
Care
Man
Kodak
records
Carolina
FOUR
Ill.
railroad
Subroto
Airways
Navy
Czarnikow
PIEDMONT
Victor
CURRENCIES
insider
Universal
RMJ
FRANCS
venezuela
TransAmerican
baht
divest
PUBLIC
SPENDING
concerted
AID
COTTON
SECURITY
SECOND
arranging
FUNDS
implementation
assistant
MEET
MM
federation
upcoming
Gaviria
allies
cereal
border
auditors
design
issuance
dominant
completing
BOOST
attending
ideas
urge
Aerospace
Coal
article
holder
Exporting
shortages
requiring
PANEL
implications
violating
railway
pct-owned
minorities
KOREA
FOOD
Ottawa
personnel
STRONG
sparked
TV
outflows
THAI
foot
animal
broken
government's
GOOD
SPOTLIGHT
Within
pleased
notably
feared
DOLLARS
year's
amounting
confirm
shelf
Consumers
procedures
Westinghouse
buyback
breaking
resale
REAGAN
LAST
country's
bullion
Placer
component
reaffirmed
imminent
Philips
SOME
underway
presently
SHIPS
liberalisation
evaluate
cut-price
planes
scrap
Wang
message
trade-weighted
meets
front
writing
LOW
amid
SUMITA
importer
deep
document
INDONESIA
Tom
weakened
afford
yards
taxation
hotels
advise
sellers
Algerian
consist
Yugoslav
Partnership
Petroleos
DOW
RIGHTS
licenses
MORTGAGE
marine
river
win
Gephardt
Gabelli
IRAN
repair
realistic
Supreme
MARKETS
edge
S
Employment
Hutchison
threaten
pacts
Call
Sir
shipbuilding
DIVISION
Pat
slack
schillings
covers
Representatives
organizations
sowings
disposition
airport
responding
Real
Jack
ties
Heyman
assumed
drafting
enforcement
DLRS/SHR
BBLS
Utilities
redemption
FNV
DEVELOPMENT
farms
FHLBB
soymeal
PC
bauxite
del
choice
Gardner
HEALTH
CATTLE
rail
English
version
acid
gallons
FCOJ
juice
Block
Bancroft
Husky
bbl
diplomat
Combined
Ortner
whatever
retailers
riyal
SHEARSON
Westminster
blocks
assays
ICN
Wickes
CRA
butter
Margaret
committees
Wisconsin
enterprises
removed
SPECIAL
signals
Margoshes
Chevron
giant
Witter
HOLDING
SHAREHOLDERS
Jorio
brand
X
Equipment
discounts
Hilton
switched
cocoas
Rothschild
thinking
salary
unknown
Cyprus
discoveries
tightening
medical
reversal
START
embassy
climb
idle
factories
entering
electricity
U.S.-Japanese
consulting
Chief
arms
FOURTH
operational
Yulo
award
gmt
monopoly
Avana
smelting
heads
integration
ESTIMATE
mounting
sensitive
abandoned
Du
Ronald
accelerated
testing
considerably
aspects
SEA
troops
unacceptable
population
HUDSON
bonuses
focused
Conservative
fob
uses
conclude
protein
Brazil's
precious
'd
door
CONTRACT
deliver
declaration
revs
objectives
slash
SINGAPORE
MALAYSIA
Worldwide
joining
U.N.
trouble
high-level
limiting
trades
promise
Ecuadorean
sites
conglomerate
bigger
Has
availability
dinars
M2
lesser
Match
OR
reality
track
feels
dwt
suggesting
attitude
propane
EUROPEAN
hogs
Proceeds
prefer
Bob
inquiry
UNLIKELY
Quaker
pays
Ireland
mid-February
bag
unclear
precise
bidder
UNDER
Sarney
financially
bridge
Adsteam
eliminated
forum
Banner
LEADING
Minstar
count
SENATE
Dole
elimination
St
Lawrence
Series
efficient
reversed
AMO
Chemicals
Major
posting
fill
J.
Pantera
Pizza
six-month
Connecticut
WALL
Subcommittee
consists
surrounding
factory
today's
Sharp
Seipp
caution
Intervention
mission
Montagu
injunction
SOSNOFF
pharmaceutical
UND
Processors
claimed
Anacomp
LENDING
Arango
comparative
postings
greatest
unilateral
Bayer
ASKS
UCPB
CDs
peseta
possibilities
Darman
resort
Symbion
Roach
Snyder
Bayou
dollar/yen
orange
Fourth
PAYMENTS
G-7
register
types
TOOL
Haggard
unrest
FTC
Zico
Plus
Sprint
CBI
Nogales
Alusuisse
Audi
Nino
Charter
Pinola
doubts
Sept
exclusive
Amusements
Francaise
Construction
terminate
FILES
RD
sometime
foresee
indicates
assurance
Henry
replacement
